// Jest Snapshot v1, https://goo.gl/fbAQLP

exports[`Pruebas firstApp Debe hacer match con el snapshot 1`] = `
<div>
  <h1>
    title
  </h1>
  <p>
    hello
  </p>
  <p>
    hello
  </p>
</div>
`;
